2026-07-30T09:21:00.073064+00:00 app[web.1]: [32m[2026-07-30T09:21:00.073] [INFO] johnguab - [39m[minecraftChat] instance=johnguab bridge=guab msg="[MVP+] flqw3d ● [MVP+] JohnGuab ● Guab_Bot ● [MVP++] pgqn ●" createdAt="1785403260072"
2026-07-30T09:21:00.073116+00:00 app[web.1]: [32m[2026-07-30T09:21:00.073] [INFO] johnguab - [39m[minecraftChat] instance=johnguab bridge=guab createdAt="1785403260072"
2026-07-30T09:21:00.077568+00:00 app[web.1]: [32m[2026-07-30T09:21:00.077] [INFO] blockops - [39m[minecraftChat] instance=blockops bridge=blockops createdAt="1785403260077"
2026-07-30T09:21:00.078246+00:00 app[web.1]: [32m[2026-07-30T09:21:00.078] [INFO] blockops - [39m[minecraftChat] instance=blockops bridge=blockops msg="[VIP] Gablplautze ● [MVP++] Bas4 ● [VIP] OhB1ock ● [MVP++] Mysteriosm ● [MVP++] BrazilianPrince ● [VIP] qw45214 ● ninja…" createdAt="1785403260078"
2026-07-30T09:21:00.078288+00:00 app[web.1]: [32m[2026-07-30T09:21:00.078] [INFO] blockops - [39m[minecraftChat] instance=blockops bridge=blockops createdAt="1785403260078"
2026-07-30T09:21:00.080480+00:00 app[web.1]: [32m[2026-07-30T09:21:00.080] [INFO] blockops - [39m[minecraftChat] instance=blockops bridge=blockops msg="[MVP+] _JustFoxy ● [MVP+] wFirex ● [VIP] Coollector ● [VIP+] transpancy ● [MVP+] NotNytox ● [VIP] olxvia ● [MVP++] Aqua…" createdAt="1785403260080"
2026-07-30T09:21:00.080531+00:00 app[web.1]: [32m[2026-07-30T09:21:00.080] [INFO] blockops - [39m[minecraftChat] instance=blockops bridge=blockops createdAt="1785403260080"
2026-07-30T09:21:00.084250+00:00 app[web.1]: [32m[2026-07-30T09:21:00.084] [INFO] Percy_cookie - [39m[minecraftChat] instance=Percy_cookie bridge=persy msg="[MVP+] ILYLOVE ● [MVP+] DreamBlackTea ● [MVP+] Meohre ● [MVP+] FriediY ● [VIP+] SystemicOne ● [MVP+] Lyrixcalx ● [MVP+]…" createdAt="1785403260084"
2026-07-30T09:21:00.084305+00:00 app[web.1]: [32m[2026-07-30T09:21:00.084] [INFO] Percy_cookie - [39m[minecraftChat] instance=Percy_cookie bridge=persy createdAt="1785403260084"
2026-07-30T09:21:00.084821+00:00 app[web.1]: [32m[2026-07-30T09:21:00.084] [INFO] Percy_cookie - [39m[minecraftChat] instance=Percy_cookie bridge=persy msg="[MVP+] VoidFrags_ ● [MVP+] Spraid ● [MVP++] cuteing ● [MVP+] Tempo27 ● [MVP+] wpis ● [MVP++] 2ellipses ● [MVP] Kesiesie…" createdAt="1785403260084"
2026-07-30T09:21:00.084839+00:00 app[web.1]: [32m[2026-07-30T09:21:00.084] [INFO] Percy_cookie - [39m[minecraftChat] instance=Percy_cookie bridge=persy createdAt="1785403260084"
2026-07-30T09:21:00.085810+00:00 app[web.1]: [32m[2026-07-30T09:21:00.085] [INFO] Percy_cookie - [39m[minecraftChat] instance=Percy_cookie bridge=persy msg="[MVP+] stacoja ● [MVP+] SirWuro ● [MVP+] _Jewier_ ● [MVP+] Retikasd ● [MVP+] AchJonas ● [MVP+] babelaid ● [MVP+] 0hSile…" createdAt="1785403260085"
2026-07-30T09:21:00.085838+00:00 app[web.1]: [32m[2026-07-30T09:21:00.085] [INFO] Percy_cookie - [39m[minecraftChat] instance=Percy_cookie bridge=persy createdAt="1785403260085"
2026-07-30T09:21:00.094432+00:00 app[web.1]: [32m[2026-07-30T09:21:00.094] [INFO] johnguab - [39m[minecraftChat] instance=johnguab bridge=guab msg="[MVP+] melau ● [MVP+] SlimmeBoyVin ● [MVP+] Veniard ● [MVP+] 8140 ● [MVP+] lplxavi ● [MVP++] diskne ● [VIP] bezakos ● […" createdAt="1785403260094"
2026-07-30T09:21:00.094458+00:00 app[web.1]: [32m[2026-07-30T09:21:00.094] [INFO] johnguab - [39m[minecraftChat] instance=johnguab bridge=guab createdAt="1785403260094"
2026-07-30T09:21:00.094517+00:00 app[web.1]: [32m[2026-07-30T09:21:00.094] [INFO] johnguab - [39m[minecraftChat] instance=johnguab bridge=guab msg="Tp2_ ●" createdAt="1785403260094"
2026-07-30T09:21:00.094543+00:00 app[web.1]: [32m[2026-07-30T09:21:00.094] [INFO] johnguab - [39m[minecraftChat] instance=johnguab bridge=guab createdAt="1785403260094"
2026-07-30T09:21:00.094969+00:00 app[web.1]: [32m[2026-07-30T09:21:00.094] [INFO] johnguab - [39m[minecraftChat] instance=johnguab bridge=guab msg="[MVP++] Mkil2 ● [MVP+] ProxySvetac ● [MVP+] _Vorr_ ● [MVP+] iSpawnblock ●" createdAt="1785403260094"
2026-07-30T09:21:00.094992+00:00 app[web.1]: [32m[2026-07-30T09:21:00.094] [INFO] johnguab - [39m[minecraftChat] instance=johnguab bridge=guab createdAt="1785403260094"
2026-07-30T09:21:00.095500+00:00 app[web.1]: [32m[2026-07-30T09:21:00.095] [INFO] johnguab - [39m[minecraftChat] instance=johnguab bridge=guab msg="Guabbing ● [MVP+] tinging ● [VIP] Select1ve ● [MVP+] Fox248G ● [VIP] Djenih ● [VIP] Defilade ● [MVP++] Valescca ● [MVP+…" createdAt="1785403260095"
2026-07-30T09:21:00.095521+00:00 app[web.1]: [32m[2026-07-30T09:21:00.095] [INFO] johnguab - [39m[minecraftChat] instance=johnguab bridge=guab createdAt="1785403260095"
2026-07-30T09:21:00.443652+00:00 app[web.1]: [36m[2026-07-30T09:21:00.443] [DEBUG] internal/core - [39m[guildManager] list(blockops) listNow took 503ms (125 members)
2026-07-30T09:21:00.443677+00:00 app[web.1]: [36m[2026-07-30T09:21:00.443] [DEBUG] internal/core - [39m[guildManager] list(blockops) members parsed: 125
2026-07-30T09:21:00.443778+00:00 app[web.1]: [36m[2026-07-30T09:21:00.443] [DEBUG] internal/core - [39m[guildManager] list(blockops) cache hit after queue (age 502ms)
2026-07-30T09:21:00.443817+00:00 app[web.1]: [36m[2026-07-30T09:21:00.443] [DEBUG] internal/core - [39m[guildManager] list(blockops) total with queue 503ms
2026-07-30T09:21:00.444208+00:00 app[web.1]: [36m[2026-07-30T09:21:00.444] [DEBUG] internal/core - [39m[guildManager] list(blockops) total with queue 504ms
2026-07-30T09:21:00.475503+00:00 app[web.1]: [36m[2026-07-30T09:21:00.475] [DEBUG] internal/core - [39m[guildManager] list(johnguab) listNow took 534ms (39 members)
2026-07-30T09:21:00.475874+00:00 app[web.1]: [36m[2026-07-30T09:21:00.475] [DEBUG] internal/core - [39m[guildManager] list(johnguab) members parsed: 39
2026-07-30T09:21:00.475875+00:00 app[web.1]: [36m[2026-07-30T09:21:00.475] [DEBUG] internal/core - [39m[guildManager] list(johnguab) cache hit after queue (age 534ms)
2026-07-30T09:21:00.475875+00:00 app[web.1]: [36m[2026-07-30T09:21:00.475] [DEBUG] internal/core - [39m[guildManager] list(johnguab) total with queue 535ms
2026-07-30T09:21:00.475876+00:00 app[web.1]: [36m[2026-07-30T09:21:00.475] [DEBUG] internal/core - [39m[guildManager] list(johnguab) total with queue 535ms
2026-07-30T09:21:00.483198+00:00 app[web.1]: [36m[2026-07-30T09:21:00.482] [DEBUG] internal/core - [39m[guildManager] list(Percy_cookie) listNow took 541ms (119 members)
2026-07-30T09:21:00.483200+00:00 app[web.1]: [36m[2026-07-30T09:21:00.483] [DEBUG] internal/core - [39m[guildManager] list(Percy_cookie) members parsed: 119
2026-07-30T09:21:00.483200+00:00 app[web.1]: [36m[2026-07-30T09:21:00.483] [DEBUG] internal/core - [39m[guildManager] list(Percy_cookie) cache hit after queue (age 542ms)
2026-07-30T09:21:00.483200+00:00 app[web.1]: [36m[2026-07-30T09:21:00.483] [DEBUG] internal/core - [39m[guildManager] list(Percy_cookie) total with queue 543ms
2026-07-30T09:21:00.483483+00:00 app[web.1]: [36m[2026-07-30T09:21:00.483] [DEBUG] internal/core - [39m[guildManager] list(Percy_cookie) total with queue 543ms
2026-07-30T09:21:08.207046+00:00 heroku[router]: at=info method=GET path="/metrics" host=safe-citadel-79898-0cfea9458f9b.herokuapp.com request_id=a2642528-d4a6-0f08-4986-cf9ea43d7a5e fwd="13.41.125.195" dyno=web.1 connect=0ms service=11ms status=200 bytes=14899 protocol=http1.1 tls=false
2026-07-30T09:21:18.527384+00:00 heroku[router]: at=info method=GET path="/metrics" host=safe-citadel-79898-0cfea9458f9b.herokuapp.com request_id=f459360d-4fe3-cbe7-1414-8c300b6da0b3 fwd="135.181.209.89" dyno=web.1 connect=0ms service=5ms status=200 bytes=14902 protocol=http1.1 tls=false
2026-07-30T09:21:38.198895+00:00 heroku[router]: at=info method=GET path="/metrics" host=safe-citadel-79898-0cfea9458f9b.herokuapp.com request_id=b7b65f23-8328-52ac-1434-2ad6ea85cdb5 fwd="13.41.125.195" dyno=web.1 connect=0ms service=3ms status=200 bytes=14902 protocol=http1.1 tls=false
2026-07-30T09:21:48.524480+00:00 heroku[router]: at=info method=GET path="/metrics" host=safe-citadel-79898-0cfea9458f9b.herokuapp.com request_id=062a2437-f5a7-d580-e06c-ea81e64f3370 fwd="135.181.209.89" dyno=web.1 connect=0ms service=3ms status=200 bytes=14913 protocol=http1.1 tls=false
2026-07-30T09:21:49.941012+00:00 app[web.1]: [36m[2026-07-30T09:21:49.940] [DEBUG] internal/core - [39m[guildManager] list(blockops) cache miss, sending /guild list...
2026-07-30T09:21:49.941415+00:00 app[web.1]: [36m[2026-07-30T09:21:49.941] [DEBUG] internal/core - [39m[guildManager] list(johnguab) cache miss, sending /guild list...
2026-07-30T09:21:49.941664+00:00 app[web.1]: [36m[2026-07-30T09:21:49.941] [DEBUG] internal/core - [39m[guildManager] list(Percy_cookie) cache miss, sending /guild list...
2026-07-30T09:21:49.941920+00:00 app[web.1]: [36m[2026-07-30T09:21:49.941] [DEBUG] blockops - [39mSending message now: /guild list
2026-07-30T09:21:49.942195+00:00 app[web.1]: [36m[2026-07-30T09:21:49.942] [DEBUG] johnguab - [39mSending message now: /guild list
2026-07-30T09:21:49.942392+00:00 app[web.1]: [36m[2026-07-30T09:21:49.942] [DEBUG] Percy_cookie - [39mSending message now: /guild list
2026-07-30T09:21:50.048888+00:00 app[web.1]: [32m[2026-07-30T09:21:50.048] [INFO] johnguab - [39m[minecraftChat] instance=johnguab bridge=guab createdAt="1785403310048"
2026-07-30T09:21:50.048928+00:00 app[web.1]: [32m[2026-07-30T09:21:50.048] [INFO] johnguab - [39m[minecraftChat] instance=johnguab bridge=guab msg="[MVP++] SpleenyPoo ●" createdAt="1785403310048"
2026-07-30T09:21:50.048950+00:00 app[web.1]: [32m[2026-07-30T09:21:50.048] [INFO] johnguab - [39m[minecraftChat] instance=johnguab bridge=guab createdAt="1785403310048"
2026-07-30T09:21:50.049364+00:00 app[web.1]: [32m[2026-07-30T09:21:50.049] [INFO] johnguab - [39m[minecraftChat] instance=johnguab bridge=guab msg="[MVP+] flqw3d ● [MVP+] JohnGuab ● Guab_Bot ● [MVP++] pgqn ●" createdAt="1785403310049"
2026-07-30T09:21:50.049390+00:00 app[web.1]: [32m[2026-07-30T09:21:50.049] [INFO] johnguab - [39m[minecraftChat] instance=johnguab bridge=guab createdAt="1785403310049"
2026-07-30T09:21:50.050020+00:00 app[web.1]: [32m[2026-07-30T09:21:50.049] [INFO] blockops - [39m[minecraftChat] instance=blockops bridge=blockops createdAt="1785403310049"
2026-07-30T09:21:50.050059+00:00 app[web.1]: [32m[2026-07-30T09:21:50.050] [INFO] blockops - [39m[minecraftChat] instance=blockops bridge=blockops msg="[MVP++] Valerwy ●" createdAt="1785403310049"
2026-07-30T09:21:50.050082+00:00 app[web.1]: [32m[2026-07-30T09:21:50.050] [INFO] blockops - [39m[minecraftChat] instance=blockops bridge=blockops createdAt="1785403310049"
2026-07-30T09:21:50.050606+00:00 app[web.1]: [32m[2026-07-30T09:21:50.050] [INFO] blockops - [39m[minecraftChat] instance=blockops bridge=blockops msg="[MVP++] ElixOG ● TheBlockOp ●" createdAt="1785403310050"
2026-07-30T09:21:50.050628+00:00 app[web.1]: [32m[2026-07-30T09:21:50.050] [INFO] blockops - [39m[minecraftChat] instance=blockops bridge=blockops createdAt="1785403310050"
2026-07-30T09:21:50.051187+00:00 app[web.1]: [32m[2026-07-30T09:21:50.051] [INFO] blockops - [39m[minecraftChat] instance=blockops bridge=blockops msg="[MVP+] Danheimer ● [MVP+] Starwathan ● [MVP+] JWDA ● [MVP+] NinjaSteeler ● [MVP++] UnhorsedBrush04 ● [MVP++] _Catking ●…" createdAt="1785403310051"
2026-07-30T09:21:50.051208+00:00 app[web.1]: [32m[2026-07-30T09:21:50.051] [INFO] blockops - [39m[minecraftChat] instance=blockops bridge=blockops createdAt="1785403310051"
2026-07-30T09:21:50.051753+00:00 app[web.1]: [32m[2026-07-30T09:21:50.051] [INFO] blockops - [39m[minecraftChat] instance=blockops bridge=blockops msg="[VIP] DrxgonFish ● [MVP++] AsianMommyLover ● [MVP+] ETGX ● [VIP] abyssal_koko ● [MVP+] cubanos ● [MVP+] EnderAsleep ● […" createdAt="1785403310051"
2026-07-30T09:21:50.051758+00:00 app[web.1]: [32m[2026-07-30T09:21:50.051] [INFO] blockops - [39m[minecraftChat] instance=blockops bridge=blockops createdAt="1785403310051"
2026-07-30T09:21:50.065156+00:00 app[web.1]: [32m[2026-07-30T09:21:50.065] [INFO] Percy_cookie - [39m[minecraftChat] instance=Percy_cookie bridge=persy createdAt="1785403310065"
2026-07-30T09:21:50.065188+00:00 app[web.1]: [32m[2026-07-30T09:21:50.065] [INFO] Percy_cookie - [39m[minecraftChat] instance=Percy_cookie bridge=persy msg="[MVP+] YS7G ●" createdAt="1785403310065"
2026-07-30T09:21:50.065215+00:00 app[web.1]: [32m[2026-07-30T09:21:50.065] [INFO] Percy_cookie - [39m[minecraftChat] instance=Percy_cookie bridge=persy createdAt="1785403310065"
2026-07-30T09:21:50.065793+00:00 app[web.1]: [32m[2026-07-30T09:21:50.065] [INFO] Percy_cookie - [39m[minecraftChat] instance=Percy_cookie bridge=persy msg="[MVP+] GGYOUDIE ● [MVP+] 1nonly_boah ●" createdAt="1785403310065"
2026-07-30T09:21:50.065796+00:00 app[web.1]: [32m[2026-07-30T09:21:50.065] [INFO] Percy_cookie - [39m[minecraftChat] instance=Percy_cookie bridge=persy createdAt="1785403310065"
2026-07-30T09:21:50.066405+00:00 app[web.1]: [32m[2026-07-30T09:21:50.066] [INFO] Percy_cookie - [39m[minecraftChat] instance=Percy_cookie bridge=persy msg="[VIP] Percy_Cookie ● [MVP+] Mr_Big_Smiley ● [MVP++] da8dy ● [MVP+] Civyr ● [MVP+] 1Joe_ ● [MVP+] Blyza ● [MVP+] Lundqvi…" createdAt="1785403310066"
2026-07-30T09:21:50.066434+00:00 app[web.1]: [32m[2026-07-30T09:21:50.066] [INFO] Percy_cookie - [39m[minecraftChat] instance=Percy_cookie bridge=persy createdAt="1785403310066"
2026-07-30T09:21:50.067187+00:00 app[web.1]: [32m[2026-07-30T09:21:50.067] [INFO] Percy_cookie - [39m[minecraftChat] instance=Percy_cookie bridge=persy msg="[MVP+] ILYLOVE ● [MVP+] DreamBlackTea ● [MVP+] Meohre ● [MVP+] FriediY ● [VIP+] SystemicOne ● [MVP+] Lyrixcalx ● [MVP+]…" createdAt="1785403310067"
2026-07-30T09:21:50.067212+00:00 app[web.1]: [32m[2026-07-30T09:21:50.067] [INFO] Percy_cookie - [39m[minecraftChat] instance=Percy_cookie bridge=persy createdAt="1785403310067"
2026-07-30T09:21:50.070789+00:00 app[web.1]: [32m[2026-07-30T09:21:50.070] [INFO] johnguab - [39m[minecraftChat] instance=johnguab bridge=guab msg="[MVP+] melau ● [MVP+] SlimmeBoyVin ● [MVP+] Veniard ● [MVP+] 8140 ● [MVP+] lplxavi ● [MVP++] diskne ● [VIP] bezakos ● […" createdAt="1785403310070"
2026-07-30T09:21:50.070804+00:00 app[web.1]: [32m[2026-07-30T09:21:50.070] [INFO] johnguab - [39m[minecraftChat] instance=johnguab bridge=guab createdAt="1785403310070"
2026-07-30T09:21:50.070844+00:00 app[web.1]: [32m[2026-07-30T09:21:50.070] [INFO] johnguab - [39m[minecraftChat] instance=johnguab bridge=guab msg="Tp2_ ●" createdAt="1785403310070"
2026-07-30T09:21:50.070864+00:00 app[web.1]: [32m[2026-07-30T09:21:50.070] [INFO] johnguab - [39m[minecraftChat] instance=johnguab bridge=guab createdAt="1785403310070"
2026-07-30T09:21:50.071276+00:00 app[web.1]: [32m[2026-07-30T09:21:50.071] [INFO] johnguab - [39m[minecraftChat] instance=johnguab bridge=guab msg="[MVP++] Mkil2 ● [MVP+] ProxySvetac ● [MVP+] _Vorr_ ● [MVP+] iSpawnblock ●" createdAt="1785403310071"
2026-07-30T09:21:50.071300+00:00 app[web.1]: [32m[2026-07-30T09:21:50.071] [INFO] johnguab - [39m[minecraftChat] instance=johnguab bridge=guab createdAt="1785403310071"
2026-07-30T09:21:50.071789+00:00 app[web.1]: [32m[2026-07-30T09:21:50.071] [INFO] johnguab - [39m[minecraftChat] instance=johnguab bridge=guab msg="Guabbing ● [MVP+] tinging ● [VIP] Select1ve ● [MVP+] Fox248G ● [VIP] Djenih ● [VIP] Defilade ● [MVP++] Valescca ● [MVP+…" createdAt="1785403310071"
2026-07-30T09:21:50.071808+00:00 app[web.1]: [32m[2026-07-30T09:21:50.071] [INFO] johnguab - [39m[minecraftChat] instance=johnguab bridge=guab createdAt="1785403310071"
2026-07-30T09:21:50.072445+00:00 app[web.1]: [32m[2026-07-30T09:21:50.072] [INFO] blockops - [39m[minecraftChat] instance=blockops bridge=blockops msg="[VIP] Gablplautze ● [MVP++] Bas4 ● [VIP] OhB1ock ● [MVP++] Mysteriosm ● [MVP++] BrazilianPrince ● [VIP] qw45214 ● ninja…" createdAt="1785403310072"
2026-07-30T09:21:50.072460+00:00 app[web.1]: [32m[2026-07-30T09:21:50.072] [INFO] blockops - [39m[minecraftChat] instance=blockops bridge=blockops createdAt="1785403310072"
2026-07-30T09:21:50.073814+00:00 app[web.1]: [32m[2026-07-30T09:21:50.073] [INFO] blockops - [39m[minecraftChat] instance=blockops bridge=blockops msg="[MVP+] _JustFoxy ● [MVP+] wFirex ● [VIP] Coollector ● [VIP+] transpancy ● [MVP+] NotNytox ● [VIP] olxvia ● [MVP++] Aqua…" createdAt="1785403310073"
2026-07-30T09:21:50.073822+00:00 app[web.1]: [32m[2026-07-30T09:21:50.073] [INFO] blockops - [39m[minecraftChat] instance=blockops bridge=blockops createdAt="1785403310073"
2026-07-30T09:21:50.086986+00:00 app[web.1]: [32m[2026-07-30T09:21:50.086] [INFO] Percy_cookie - [39m[minecraftChat] instance=Percy_cookie bridge=persy msg="[MVP+] VoidFrags_ ● [MVP+] Spraid ● [MVP++] cuteing ● [MVP+] Tempo27 ● [MVP+] wpis ● [MVP++] 2ellipses ● [MVP] Kesiesie…" createdAt="1785403310086"
2026-07-30T09:21:50.087033+00:00 app[web.1]: [32m[2026-07-30T09:21:50.087] [INFO] Percy_cookie - [39m[minecraftChat] instance=Percy_cookie bridge=persy createdAt="1785403310086"
2026-07-30T09:21:50.088661+00:00 app[web.1]: [32m[2026-07-30T09:21:50.088] [INFO] Percy_cookie - [39m[minecraftChat] instance=Percy_cookie bridge=persy msg="[MVP+] stacoja ● [MVP+] SirWuro ● [MVP+] _Jewier_ ● [MVP+] Retikasd ● [MVP+] AchJonas ● [MVP+] babelaid ● [MVP+] 0hSile…" createdAt="1785403310088"
2026-07-30T09:21:50.088727+00:00 app[web.1]: [32m[2026-07-30T09:21:50.088] [INFO] Percy_cookie - [39m[minecraftChat] instance=Percy_cookie bridge=persy createdAt="1785403310088"
2026-07-30T09:21:50.442367+00:00 app[web.1]: [36m[2026-07-30T09:21:50.442] [DEBUG] internal/core - [39m[guildManager] list(blockops) listNow took 501ms (125 members)
2026-07-30T09:21:50.442393+00:00 app[web.1]: [36m[2026-07-30T09:21:50.442] [DEBUG] internal/core - [39m[guildManager] list(blockops) members parsed: 125
2026-07-30T09:21:50.442446+00:00 app[web.1]: [36m[2026-07-30T09:21:50.442] [DEBUG] internal/core - [39m[guildManager] list(blockops) cache hit after queue (age 501ms)
2026-07-30T09:21:50.442475+00:00 app[web.1]: [36m[2026-07-30T09:21:50.442] [DEBUG] internal/core - [39m[guildManager] list(blockops) total with queue 502ms
2026-07-30T09:21:50.442574+00:00 app[web.1]: [36m[2026-07-30T09:21:50.442] [DEBUG] internal/core - [39m[guildManager] list(blockops) total with queue 502ms
2026-07-30T09:21:50.470006+00:00 app[web.1]: [36m[2026-07-30T09:21:50.469] [DEBUG] internal/core - [39m[guildManager] list(johnguab) listNow took 528ms (39 members)
2026-07-30T09:21:50.470011+00:00 app[web.1]: [36m[2026-07-30T09:21:50.469] [DEBUG] internal/core - [39m[guildManager] list(johnguab) members parsed: 39
2026-07-30T09:21:50.470045+00:00 app[web.1]: [36m[2026-07-30T09:21:50.470] [DEBUG] internal/core - [39m[guildManager] list(johnguab) cache hit after queue (age 529ms)
2026-07-30T09:21:50.470071+00:00 app[web.1]: [36m[2026-07-30T09:21:50.470] [DEBUG] internal/core - [39m[guildManager] list(johnguab) total with queue 529ms
2026-07-30T09:21:50.470144+00:00 app[web.1]: [36m[2026-07-30T09:21:50.470] [DEBUG] internal/core - [39m[guildManager] list(johnguab) total with queue 529ms
2026-07-30T09:21:50.473863+00:00 app[web.1]: [36m[2026-07-30T09:21:50.473] [DEBUG] internal/core - [39m[guildManager] list(Percy_cookie) listNow took 532ms (119 members)
2026-07-30T09:21:50.473867+00:00 app[web.1]: [36m[2026-07-30T09:21:50.473] [DEBUG] internal/core - [39m[guildManager] list(Percy_cookie) members parsed: 119
2026-07-30T09:21:50.473931+00:00 app[web.1]: [36m[2026-07-30T09:21:50.473] [DEBUG] internal/core - [39m[guildManager] list(Percy_cookie) cache hit after queue (age 532ms)
2026-07-30T09:21:50.473947+00:00 app[web.1]: [36m[2026-07-30T09:21:50.473] [DEBUG] internal/core - [39m[guildManager] list(Percy_cookie) total with queue 533ms
2026-07-30T09:21:50.474013+00:00 app[web.1]: [36m[2026-07-30T09:21:50.473] [DEBUG] internal/core - [39m[guildManager] list(Percy_cookie) total with queue 533ms
2026-07-30T09:22:08.198051+00:00 heroku[router]: at=info method=GET path="/metrics" host=safe-citadel-79898-0cfea9458f9b.herokuapp.com request_id=b7235de6-58eb-8f3f-ef11-5a44ff746c07 fwd="13.41.125.195" dyno=web.1 connect=0ms service=3ms status=200 bytes=14925 protocol=http1.1 tls=false
2026-07-30T09:22:18.526951+00:00 heroku[router]: at=info method=GET path="/metrics" host=safe-citadel-79898-0cfea9458f9b.herokuapp.com request_id=c94dae64-145a-b23d-c994-dab461249dfc fwd="135.181.209.89" dyno=web.1 connect=0ms service=3ms status=200 bytes=14914 protocol=http1.1 tls=false
2026-07-30T09:22:25.877976+00:00 app[web.1]: [32m[2026-07-30T09:22:25.877] [INFO] discord - [39m[chat] instance=discord bridge=blockops msg="i agree" createdAt="1785403345860"
2026-07-30T09:22:25.878317+00:00 app[web.1]: [36m[2026-07-30T09:22:25.878] [DEBUG] discord - [39m[onChat] instanceType=discord bridgeId=blockops instanceName=discord channelType=public msg="i agree"
2026-07-30T09:22:25.880695+00:00 app[web.1]: [36m[2026-07-30T09:22:25.880] [DEBUG] blockops - [39mSending message now: /gc r4kz: i agree
2026-07-30T09:22:25.974866+00:00 app[web.1]: [36m[2026-07-30T09:22:25.974] [DEBUG] blockops - [39m[public] suppressing bot message from "TheBlockOp": r4kz: i agree
2026-07-30T09:22:25.975197+00:00 app[web.1]: [32m[2026-07-30T09:22:25.975] [INFO] blockops - [39m[minecraftChat] instance=blockops bridge=blockops msg="Guild > TheBlockOp [OG]: r4kz: i agree" createdAt="1785403345975"
2026-07-30T09:22:28.508173+00:00 app[web.1]: [32m[2026-07-30T09:22:28.508] [INFO] discord - [39m[chat] instance=discord bridge=blockops msg="you are very aura" createdAt="1785403348504"
2026-07-30T09:22:28.508189+00:00 app[web.1]: [36m[2026-07-30T09:22:28.508] [DEBUG] discord - [39m[onChat] instanceType=discord bridgeId=blockops instanceName=discord channelType=public msg="you are very aura"
2026-07-30T09:22:28.508594+00:00 app[web.1]: [36m[2026-07-30T09:22:28.508] [DEBUG] blockops - [39mSending message now: /gc r4kz: you are very aura
2026-07-30T09:22:28.540767+00:00 app[web.1]: [36m[2026-07-30T09:22:28.540] [DEBUG] blockops - [39m[public] suppressing bot message from "TheBlockOp": r4kz: you are very aura
2026-07-30T09:22:28.540955+00:00 app[web.1]: [32m[2026-07-30T09:22:28.540] [INFO] blockops - [39m[minecraftChat] instance=blockops bridge=blockops msg="Guild > TheBlockOp [OG]: r4kz: you are very aura" createdAt="1785403348540"
2026-07-30T09:22:35.081800+00:00 app[web.1]: [32m[2026-07-30T09:22:35.081] [INFO] discord - [39m[chat] instance=discord bridge=blockops msg="im testing something" createdAt="1785403355079"
2026-07-30T09:22:35.081839+00:00 app[web.1]: [36m[2026-07-30T09:22:35.081] [DEBUG] discord - [39m[onChat] instanceType=discord bridgeId=blockops instanceName=discord channelType=public msg="im testing something"
2026-07-30T09:22:35.082128+00:00 app[web.1]: [36m[2026-07-30T09:22:35.082] [DEBUG] blockops - [39mSending message now: /gc r4kz: im testing something
2026-07-30T09:22:35.111181+00:00 app[web.1]: [36m[2026-07-30T09:22:35.111] [DEBUG] blockops - [39m[public] suppressing bot message from "TheBlockOp": r4kz: im testing something
2026-07-30T09:22:35.111332+00:00 app[web.1]: [32m[2026-07-30T09:22:35.111] [INFO] blockops - [39m[minecraftChat] instance=blockops bridge=blockops msg="Guild > TheBlockOp [OG]: r4kz: im testing something" createdAt="1785403355111"
2026-07-30T09:22:36.953397+00:00 app[web.1]: [36m[2026-07-30T09:22:36.953] [DEBUG] internal/commands - [39m[cmd] r4kz executing "!status EdgierSauce1254" on bridge="blockops"
2026-07-30T09:22:36.953788+00:00 app[web.1]: [32m[2026-07-30T09:22:36.953] [INFO] discord - [39m[chat] instance=discord bridge=blockops msg="!status EdgierSauce1254" createdAt="1785403356951"
2026-07-30T09:22:36.953818+00:00 app[web.1]: [36m[2026-07-30T09:22:36.953] [DEBUG] discord - [39m[onChat] instanceType=discord bridgeId=blockops instanceName=discord channelType=public msg="!status EdgierSauce1254"
2026-07-30T09:22:36.954277+00:00 app[web.1]: [32m[2026-07-30T09:22:36.954] [INFO] Application - [39m[LunarService] Connecting to Lunar Client authenticator using account 'Percy_Cookie' (580383d3-26b8-4743-99a3-d0a72e887ece)...
2026-07-30T09:22:36.955445+00:00 app[web.1]: [32m[2026-07-30T09:22:36.955] [INFO] Application - [39m[FeatherService] Authenticating with Feather Client API using account 'Percy_Cookie' (580383d3-26b8-4743-99a3-d0a72e887ece)...
2026-07-30T09:22:36.956494+00:00 app[web.1]: [32m[2026-07-30T09:22:36.956] [INFO] Application - [39m[EssentialService] Connecting to Essential WebSocket using account 'Percy_Cookie' (580383d3-26b8-4743-99a3-d0a72e887ece)...
2026-07-30T09:22:36.957606+00:00 app[web.1]: [36m[2026-07-30T09:22:36.957] [DEBUG] blockops - [39mSending message now: /gc r4kz: !status EdgierSauce1254
2026-07-30T09:22:37.014084+00:00 app[web.1]: [36m[2026-07-30T09:22:37.013] [DEBUG] blockops - [39m[public] suppressing bot message from "TheBlockOp": r4kz: !status EdgierSauce1254
2026-07-30T09:22:37.014246+00:00 app[web.1]: [32m[2026-07-30T09:22:37.014] [INFO] blockops - [39m[minecraftChat] instance=blockops bridge=blockops msg="Guild > TheBlockOp [OG]: r4kz: !status EdgierSauce1254" createdAt="1785403357014"
2026-07-30T09:22:37.193046+00:00 app[web.1]: [32m[2026-07-30T09:22:37.192] [INFO] Application - [39m[FeatherService] Successfully authenticated with Feather Client API!
2026-07-30T09:22:37.220499+00:00 app[web.1]: [36m[2026-07-30T09:22:37.219] [DEBUG] Application - [39mFeather status check failed for 4420ddf1300c449f83304b68246db3eb: Error: Feather API POST /minecraft/account-search returned HTTP 400: {"description":"Unexpected Error","data":{"fieldName":"mcID[0]"}}
2026-07-30T09:22:37.220519+00:00 app[web.1]: at IncomingMessage.<anonymous> (/app/src/core/feather/feather-service.ts:255:22)
2026-07-30T09:22:37.220520+00:00 app[web.1]: at IncomingMessage.emit (node:events:521:24)
2026-07-30T09:22:37.220520+00:00 app[web.1]: at endReadableNT (node:internal/streams/readable:1729:12)
2026-07-30T09:22:37.220520+00:00 app[web.1]: at process.processTicksAndRejections (node:internal/process/task_queues:90:21)
2026-07-30T09:22:37.319065+00:00 app[web.1]: [33m[2026-07-30T09:22:37.318] [WARN] Application - [39m[EssentialService] Failed to establish Essential WebSocket session: Error: Unexpected server response: 401
2026-07-30T09:22:37.319068+00:00 app[web.1]: at ClientRequest.<anonymous> (/app/node_modules/ws/lib/websocket.js:913:7)
2026-07-30T09:22:37.319068+00:00 app[web.1]: at ClientRequest.emit (node:events:509:28)
2026-07-30T09:22:37.319069+00:00 app[web.1]: at HTTPParser.parserOnIncomingClient (node:_http_client:798:27)
2026-07-30T09:22:37.319069+00:00 app[web.1]: at HTTPParser.parserOnHeadersComplete (node:_http_common:125:17)
2026-07-30T09:22:37.319069+00:00 app[web.1]: at TLSSocket.socketOnData (node:_http_client:633:22)
2026-07-30T09:22:37.319069+00:00 app[web.1]: at TLSSocket.emit (node:events:509:28)
2026-07-30T09:22:37.319070+00:00 app[web.1]: at addChunk (node:internal/streams/readable:563:12)
2026-07-30T09:22:37.319070+00:00 app[web.1]: at readableAddChunkPushByteMode (node:internal/streams/readable:514:3)
2026-07-30T09:22:37.319070+00:00 app[web.1]: at Readable.push (node:internal/streams/readable:394:5)
2026-07-30T09:22:37.319071+00:00 app[web.1]: at TLSWrap.onStreamRead (node:internal/stream_base_commons:189:23)
2026-07-30T09:22:37.789342+00:00 app[web.1]: [32m[2026-07-30T09:22:37.789] [INFO] Application - [39m[LunarService] Authenticated with Lunar Client! Connecting to Game WebSocket...
2026-07-30T09:22:37.888254+00:00 app[web.1]: [32m[2026-07-30T09:22:37.888] [INFO] Application - [39m[LunarService] Successfully connected to Lunar Client Game WebSocket!
2026-07-30T09:22:37.959783+00:00 app[web.1]: [36m[2026-07-30T09:22:37.959] [DEBUG] internal/commands - [39m[cmd] response for "status": EdgierSauce1254 is playing Duels in duels_bridge_duel map Industry [Lunar: Offline]
2026-07-30T09:22:37.960479+00:00 app[web.1]: [36m[2026-07-30T09:22:37.960] [DEBUG] discord - [39m[cmd-response] command="status" originEventId="discord:discord:5" replyIds=1 bridgeId="blockops"
2026-07-30T09:22:37.960650+00:00 app[web.1]: [36m[2026-07-30T09:22:37.960] [DEBUG] discord - [39m[cmd-image] bridgeId="blockops" botName="TheBlockOp" override="TungTungTungTtux" effectiveBotName="TungTungTungTtux" botRank="§7TheBlockOp §3[OG]§f" namePart="§7TungTungTungTtux §3[OG]§f§f"
2026-07-30T09:22:37.960798+00:00 app[web.1]: [36m[2026-07-30T09:22:37.960] [DEBUG] discord - [39m[cmd-image] formattedMessage="§2Guild §2> {skin} §7TungTungTungTtux §3[OG]§f§f: §fEdgierSauce1254 is playing Duels in duels_bridge_duel map Industry [Lunar: Offline]" skinUsername="TheBlockOp" channelType="public"
2026-07-30T09:22:38.294330+00:00 heroku[router]: at=info method=GET path="/metrics" host=safe-citadel-79898-0cfea9458f9b.herokuapp.com request_id=cf90c93b-5ebd-b396-0da1-8af1ff7db173 fwd="13.41.125.195" dyno=web.1 connect=0ms service=99ms status=200 bytes=15434 protocol=http1.1 tls=false
2026-07-30T09:22:38.290678+00:00 app[web.1]: [36m[2026-07-30T09:22:38.290] [DEBUG] blockops - [39mSending message now: /gc EdgierSauce1254 is playing Duels in duels_bridge_duel map Industry [Lunar: Offline]
2026-07-30T09:22:38.361641+00:00 app[web.1]: [36m[2026-07-30T09:22:38.361] [DEBUG] blockops - [39m[public] suppressing bot message from "TheBlockOp": EdgierSauce1254 is playing Duels in duels_bridge_duel map Industry [Lunar: Offline]
2026-07-30T09:22:38.361836+00:00 app[web.1]: [32m[2026-07-30T09:22:38.361] [INFO] blockops - [39m[minecraftChat] instance=blockops bridge=blockops msg="Guild > TheBlockOp [OG]: EdgierSauce1254 is playing Duels in duels_bridge_duel map Industry [Lunar: Offline]" createdAt="1785403358361"
2026-07-30T09:21:54.549287+00:00 app[api]: Log session created by user yaseensaoud@outlook.com
2026-07-30T09:22:39.940136+00:00 app[web.1]: [36m[2026-07-30T09:22:39.940] [DEBUG] internal/core - [39m[guildManager] list(blockops) cache miss, sending /guild list...
2026-07-30T09:22:39.940328+00:00 app[web.1]: [36m[2026-07-30T09:22:39.940] [DEBUG] internal/core - [39m[guildManager] list(johnguab) cache miss, sending /guild list...
2026-07-30T09:22:39.940437+00:00 app[web.1]: [36m[2026-07-30T09:22:39.940] [DEBUG] internal/core - [39m[guildManager] list(Percy_cookie) cache miss, sending /guild list...
2026-07-30T09:22:39.940582+00:00 app[web.1]: [36m[2026-07-30T09:22:39.940] [DEBUG] blockops - [39mSending message now: /guild list
2026-07-30T09:22:39.940779+00:00 app[web.1]: [36m[2026-07-30T09:22:39.940] [DEBUG] johnguab - [39mSending message now: /guild list
2026-07-30T09:22:39.940884+00:00 app[web.1]: [36m[2026-07-30T09:22:39.940] [DEBUG] Percy_cookie - [39mSending message now: /guild list
2026-07-30T09:22:40.051233+00:00 app[web.1]: [32m[2026-07-30T09:22:40.051] [INFO] blockops - [39m[minecraftChat] instance=blockops bridge=blockops createdAt="1785403360051"
2026-07-30T09:22:40.051288+00:00 app[web.1]: [32m[2026-07-30T09:22:40.051] [INFO] blockops - [39m[minecraftChat] instance=blockops bridge=blockops msg="[MVP++] Valerwy ●" createdAt="1785403360051"
2026-07-30T09:22:40.051320+00:00 app[web.1]: [32m[2026-07-30T09:22:40.051] [INFO] blockops - [39m[minecraftChat] instance=blockops bridge=blockops createdAt="1785403360051"
2026-07-30T09:22:40.051366+00:00 app[web.1]: [32m[2026-07-30T09:22:40.051] [INFO] blockops - [39m[minecraftChat] instance=blockops bridge=blockops msg="[MVP++] ElixOG ● TheBlockOp ●" createdAt="1785403360051"
2026-07-30T09:22:40.051394+00:00 app[web.1]: [32m[2026-07-30T09:22:40.051] [INFO] blockops - [39m[minecraftChat] instance=blockops bridge=blockops createdAt="1785403360051"
2026-07-30T09:22:40.052210+00:00 app[web.1]: [32m[2026-07-30T09:22:40.052] [INFO] blockops - [39m[minecraftChat] instance=blockops bridge=blockops msg="[MVP+] Danheimer ● [MVP+] Starwathan ● [MVP+] JWDA ● [MVP+] NinjaSteeler ● [MVP++] UnhorsedBrush04 ● [MVP++] _Catking ●…" createdAt="1785403360052"
2026-07-30T09:22:40.052214+00:00 app[web.1]: [32m[2026-07-30T09:22:40.052] [INFO] blockops - [39m[minecraftChat] instance=blockops bridge=blockops createdAt="1785403360052"
2026-07-30T09:22:40.052577+00:00 app[web.1]: [32m[2026-07-30T09:22:40.052] [INFO] blockops - [39m[minecraftChat] instance=blockops bridge=blockops msg="[VIP] DrxgonFish ● [MVP++] AsianMommyLover ● [MVP+] ETGX ● [VIP] abyssal_koko ● [MVP+] cubanos ● [MVP+] EnderAsleep ● […" createdAt="1785403360052"
2026-07-30T09:22:40.053490+00:00 app[web.1]: [32m[2026-07-30T09:22:40.053] [INFO] johnguab - [39m[minecraftChat] instance=johnguab bridge=guab createdAt="1785403360053"
2026-07-30T09:22:40.053549+00:00 app[web.1]: [32m[2026-07-30T09:22:40.053] [INFO] johnguab - [39m[minecraftChat] instance=johnguab bridge=guab msg="[MVP++] SpleenyPoo ●" createdAt="1785403360053"
2026-07-30T09:22:40.053987+00:00 app[web.1]: [32m[2026-07-30T09:22:40.053] [INFO] johnguab - [39m[minecraftChat] instance=johnguab bridge=guab createdAt="1785403360053"
2026-07-30T09:22:40.054402+00:00 app[web.1]: [32m[2026-07-30T09:22:40.054] [INFO] johnguab - [39m[minecraftChat] instance=johnguab bridge=guab msg="[MVP+] flqw3d ● [MVP+] JohnGuab ● Guab_Bot ● [MVP++] pgqn ●" createdAt="1785403360054"
2026-07-30T09:22:40.054426+00:00 app[web.1]: [32m[2026-07-30T09:22:40.054] [INFO] johnguab - [39m[minecraftChat] instance=johnguab bridge=guab createdAt="1785403360054"
2026-07-30T09:22:40.054843+00:00 app[web.1]: [32m[2026-07-30T09:22:40.054] [INFO] johnguab - [39m[minecraftChat] instance=johnguab bridge=guab msg="[MVP+] melau ● [MVP+] SlimmeBoyVin ● [MVP+] Veniard ● [MVP+] 8140 ● [MVP+] lplxavi ● [MVP++] diskne ● [VIP] bezakos ● […" createdAt="1785403360054"
2026-07-30T09:22:40.063089+00:00 app[web.1]: [32m[2026-07-30T09:22:40.063] [INFO] Percy_cookie - [39m[minecraftChat] instance=Percy_cookie bridge=persy createdAt="1785403360062"
2026-07-30T09:22:40.063136+00:00 app[web.1]: [32m[2026-07-30T09:22:40.063] [INFO] Percy_cookie - [39m[minecraftChat] instance=Percy_cookie bridge=persy msg="[MVP+] YS7G ●" createdAt="1785403360062"
2026-07-30T09:22:40.063231+00:00 app[web.1]: [32m[2026-07-30T09:22:40.063] [INFO] Percy_cookie - [39m[minecraftChat] instance=Percy_cookie bridge=persy createdAt="1785403360063"
2026-07-30T09:22:40.063955+00:00 app[web.1]: [32m[2026-07-30T09:22:40.063] [INFO] Percy_cookie - [39m[minecraftChat] instance=Percy_cookie bridge=persy msg="[MVP+] GGYOUDIE ● [MVP+] 1nonly_boah ●" createdAt="1785403360063"
2026-07-30T09:22:40.063985+00:00 app[web.1]: [32m[2026-07-30T09:22:40.063] [INFO] Percy_cookie - [39m[minecraftChat] instance=Percy_cookie bridge=persy createdAt="1785403360063"
2026-07-30T09:22:40.064558+00:00 app[web.1]: [32m[2026-07-30T09:22:40.064] [INFO] Percy_cookie - [39m[minecraftChat] instance=Percy_cookie bridge=persy msg="[VIP] Percy_Cookie ● [MVP+] Mr_Big_Smiley ● [MVP++] da8dy ● [MVP+] Civyr ● [MVP+] 1Joe_ ● [MVP+] Blyza ● [MVP+] Lundqvi…" createdAt="1785403360064"
2026-07-30T09:22:40.064589+00:00 app[web.1]: [32m[2026-07-30T09:22:40.064] [INFO] Percy_cookie - [39m[minecraftChat] instance=Percy_cookie bridge=persy createdAt="1785403360064"
2026-07-30T09:22:40.065455+00:00 app[web.1]: [32m[2026-07-30T09:22:40.065] [INFO] Percy_cookie - [39m[minecraftChat] instance=Percy_cookie bridge=persy msg="[MVP+] ILYLOVE ● [MVP+] DreamBlackTea ● [MVP+] Meohre ● [MVP+] FriediY ● [VIP+] SystemicOne ● [MVP+] Lyrixcalx ● [MVP+]…" createdAt="1785403360065"
2026-07-30T09:22:40.072862+00:00 app[web.1]: [32m[2026-07-30T09:22:40.072] [INFO] blockops - [39m[minecraftChat] instance=blockops bridge=blockops createdAt="1785403360072"
2026-07-30T09:22:40.073228+00:00 app[web.1]: [32m[2026-07-30T09:22:40.073] [INFO] blockops - [39m[minecraftChat] instance=blockops bridge=blockops msg="[VIP] Gablplautze ● [MVP++] Bas4 ● [VIP] OhB1ock ● [MVP++] Mysteriosm ● [MVP++] BrazilianPrince ● [VIP] qw45214 ● ninja…" createdAt="1785403360073"
2026-07-30T09:22:40.073252+00:00 app[web.1]: [32m[2026-07-30T09:22:40.073] [INFO] blockops - [39m[minecraftChat] instance=blockops bridge=blockops createdAt="1785403360073"
2026-07-30T09:22:40.074543+00:00 app[web.1]: [32m[2026-07-30T09:22:40.074] [INFO] blockops - [39m[minecraftChat] instance=blockops bridge=blockops msg="[MVP+] _JustFoxy ● [MVP+] wFirex ● [VIP] Coollector ● [VIP+] transpancy ● [MVP+] NotNytox ● [VIP] olxvia ● [MVP++] Aqua…" createdAt="1785403360074"
2026-07-30T09:22:40.074599+00:00 app[web.1]: [32m[2026-07-30T09:22:40.074] [INFO] blockops - [39m[minecraftChat] instance=blockops bridge=blockops createdAt="1785403360074"
2026-07-30T09:22:40.075502+00:00 app[web.1]: [32m[2026-07-30T09:22:40.075] [INFO] johnguab - [39m[minecraftChat] instance=johnguab bridge=guab createdAt="1785403360075"
2026-07-30T09:22:40.075545+00:00 app[web.1]: [32m[2026-07-30T09:22:40.075] [INFO] johnguab - [39m[minecraftChat] instance=johnguab bridge=guab msg="Tp2_ ●" createdAt="1785403360075"
2026-07-30T09:22:40.075574+00:00 app[web.1]: [32m[2026-07-30T09:22:40.075] [INFO] johnguab - [39m[minecraftChat] instance=johnguab bridge=guab createdAt="1785403360075"
2026-07-30T09:22:40.075988+00:00 app[web.1]: [32m[2026-07-30T09:22:40.075] [INFO] johnguab - [39m[minecraftChat] instance=johnguab bridge=guab msg="[MVP++] Mkil2 ● [MVP+] ProxySvetac ● [MVP+] _Vorr_ ● [MVP+] iSpawnblock ●" createdAt="1785403360075"
2026-07-30T09:22:40.076005+00:00 app[web.1]: [32m[2026-07-30T09:22:40.075] [INFO] johnguab - [39m[minecraftChat] instance=johnguab bridge=guab createdAt="1785403360075"
2026-07-30T09:22:40.076455+00:00 app[web.1]: [32m[2026-07-30T09:22:40.076] [INFO] johnguab - [39m[minecraftChat] instance=johnguab bridge=guab msg="Guabbing ● [MVP+] tinging ● [VIP] Select1ve ● [MVP+] Fox248G ● [VIP] Djenih ● [VIP] Defilade ● [MVP++] Valescca ● [MVP+…" createdAt="1785403360076"
2026-07-30T09:22:40.076472+00:00 app[web.1]: [32m[2026-07-30T09:22:40.076] [INFO] johnguab - [39m[minecraftChat] instance=johnguab bridge=guab createdAt="1785403360076"
2026-07-30T09:22:40.084678+00:00 app[web.1]: [32m[2026-07-30T09:22:40.084] [INFO] Percy_cookie - [39m[minecraftChat] instance=Percy_cookie bridge=persy createdAt="1785403360084"
2026-07-30T09:22:40.085063+00:00 app[web.1]: [32m[2026-07-30T09:22:40.085] [INFO] Percy_cookie - [39m[minecraftChat] instance=Percy_cookie bridge=persy msg="[MVP+] VoidFrags_ ● [MVP+] Spraid ● [MVP++] cuteing ● [MVP+] Tempo27 ● [MVP+] wpis ● [MVP++] 2ellipses ● [MVP] Kesiesie…" createdAt="1785403360084"
2026-07-30T09:22:40.085088+00:00 app[web.1]: [32m[2026-07-30T09:22:40.085] [INFO] Percy_cookie - [39m[minecraftChat] instance=Percy_cookie bridge=persy createdAt="1785403360084"
2026-07-30T09:22:40.085946+00:00 app[web.1]: [32m[2026-07-30T09:22:40.085] [INFO] Percy_cookie - [39m[minecraftChat] instance=Percy_cookie bridge=persy msg="[MVP+] stacoja ● [MVP+] SirWuro ● [MVP+] _Jewier_ ● [MVP+] Retikasd ● [MVP+] AchJonas ● [MVP+] babelaid ● [MVP+] 0hSile…" createdAt="1785403360085"
2026-07-30T09:22:40.085964+00:00 app[web.1]: [32m[2026-07-30T09:22:40.085] [INFO] Percy_cookie - [39m[minecraftChat] instance=Percy_cookie bridge=persy createdAt="1785403360085"
2026-07-30T09:22:40.441534+00:00 app[web.1]: [36m[2026-07-30T09:22:40.441] [DEBUG] internal/core - [39m[guildManager] list(blockops) listNow took 501ms (125 members)
2026-07-30T09:22:40.441568+00:00 app[web.1]: [36m[2026-07-30T09:22:40.441] [DEBUG] internal/core - [39m[guildManager] list(blockops) members parsed: 125
2026-07-30T09:22:40.441666+00:00 app[web.1]: [36m[2026-07-30T09:22:40.441] [DEBUG] internal/core - [39m[guildManager] list(blockops) cache hit after queue (age 501ms)
2026-07-30T09:22:40.441698+00:00 app[web.1]: [36m[2026-07-30T09:22:40.441] [DEBUG] internal/core - [39m[guildManager] list(blockops) total with queue 502ms
2026-07-30T09:22:40.441804+00:00 app[web.1]: [36m[2026-07-30T09:22:40.441] [DEBUG] internal/core - [39m[guildManager] list(blockops) total with queue 502ms
2026-07-30T09:22:40.470116+00:00 app[web.1]: [36m[2026-07-30T09:22:40.470] [DEBUG] internal/core - [39m[guildManager] list(johnguab) listNow took 530ms (39 members)
2026-07-30T09:22:40.470127+00:00 app[web.1]: [36m[2026-07-30T09:22:40.470] [DEBUG] internal/core - [39m[guildManager] list(johnguab) members parsed: 39
2026-07-30T09:22:40.470160+00:00 app[web.1]: [36m[2026-07-30T09:22:40.470] [DEBUG] internal/core - [39m[guildManager] list(johnguab) cache hit after queue (age 530ms)
2026-07-30T09:22:40.470178+00:00 app[web.1]: [36m[2026-07-30T09:22:40.470] [DEBUG] internal/core - [39m[guildManager] list(johnguab) total with queue 530ms
2026-07-30T09:22:40.470215+00:00 app[web.1]: [36m[2026-07-30T09:22:40.470] [DEBUG] internal/core - [39m[guildManager] list(johnguab) total with queue 530ms
2026-07-30T09:22:40.474180+00:00 app[web.1]: [36m[2026-07-30T09:22:40.474] [DEBUG] internal/core - [39m[guildManager] list(Percy_cookie) listNow took 534ms (119 members)
2026-07-30T09:22:40.474184+00:00 app[web.1]: [36m[2026-07-30T09:22:40.474] [DEBUG] internal/core - [39m[guildManager] list(Percy_cookie) members parsed: 119
2026-07-30T09:22:40.474224+00:00 app[web.1]: [36m[2026-07-30T09:22:40.474] [DEBUG] internal/core - [39m[guildManager] list(Percy_cookie) cache hit after queue (age 534ms)
2026-07-30T09:22:40.474244+00:00 app[web.1]: [36m[2026-07-30T09:22:40.474] [DEBUG] internal/core - [39m[guildManager] list(Percy_cookie) total with queue 534ms
2026-07-30T09:22:40.474286+00:00 app[web.1]: [36m[2026-07-30T09:22:40.474] [DEBUG] internal/core - [39m[guildManager] list(Percy_cookie) total with queue 534ms
2026-07-30T09:22:44.751269+00:00 app[web.1]: [32m[2026-07-30T09:22:44.751] [INFO] discord - [39m[chat] instance=discord bridge=blockops msg="onoo0oooooo" createdAt="1785403364749"
2026-07-30T09:22:44.751283+00:00 app[web.1]: [36m[2026-07-30T09:22:44.751] [DEBUG] discord - [39m[onChat] instanceType=discord bridgeId=blockops instanceName=discord channelType=public msg="onoo0oooooo"
2026-07-30T09:22:44.751636+00:00 app[web.1]: [36m[2026-07-30T09:22:44.751] [DEBUG] blockops - [39mSending message now: /gc r4kz: onoo0oooooo
2026-07-30T09:22:44.820734+00:00 app[web.1]: [36m[2026-07-30T09:22:44.820] [DEBUG] blockops - [39m[public] suppressing bot message from "TheBlockOp": r4kz: onoo0oooooo
2026-07-30T09:22:44.820991+00:00 app[web.1]: [32m[2026-07-30T09:22:44.820] [INFO] blockops - [39m[minecraftChat] instance=blockops bridge=blockops msg="Guild > TheBlockOp [OG]: r4kz: onoo0oooooo" createdAt="1785403364820"
2026-07-30T09:22:48.523661+00:00 heroku[router]: at=info method=GET path="/metrics" host=safe-citadel-79898-0cfea9458f9b.herokuapp.com request_id=60e23e3a-82a4-57dd-82af-871ac7dac670 fwd="135.181.209.89" dyno=web.1 connect=0ms service=4ms status=200 bytes=15126 protocol=http1.1 tls=false
2026-07-30T09:22:53.259870+00:00 app[web.1]: [36m[2026-07-30T09:22:53.259] [DEBUG] internal/commands - [39m[cmd] r4kz executing "!status DarknessCrew" on bridge="blockops"
2026-07-30T09:22:53.260055+00:00 app[web.1]: [32m[2026-07-30T09:22:53.260] [INFO] discord - [39m[chat] instance=discord bridge=blockops msg="!status DarknessCrew" createdAt="1785403373243"
2026-07-30T09:22:53.260089+00:00 app[web.1]: [36m[2026-07-30T09:22:53.260] [DEBUG] discord - [39m[onChat] instanceType=discord bridgeId=blockops instanceName=discord channelType=public msg="!status DarknessCrew"
2026-07-30T09:22:53.260460+00:00 app[web.1]: [32m[2026-07-30T09:22:53.260] [INFO] Application - [39m[EssentialService] Connecting to Essential WebSocket using account 'Percy_Cookie' (580383d3-26b8-4743-99a3-d0a72e887ece)...
2026-07-30T09:22:53.262914+00:00 app[web.1]: [36m[2026-07-30T09:22:53.262] [DEBUG] blockops - [39mSending message now: /gc r4kz: !status DarknessCrew
2026-07-30T09:22:53.286887+00:00 app[web.1]: [36m[2026-07-30T09:22:53.286] [DEBUG] Application - [39mFeather status check failed for ebe1472be26241cdb20b2b19c63b7617: Error: Feather API POST /minecraft/account-search returned HTTP 400: {"description":"Unexpected Error","data":{"fieldName":"mcID[0]"}}
2026-07-30T09:22:53.286889+00:00 app[web.1]: at IncomingMessage.<anonymous> (/app/src/core/feather/feather-service.ts:255:22)
2026-07-30T09:22:53.286889+00:00 app[web.1]: at IncomingMessage.emit (node:events:521:24)
2026-07-30T09:22:53.286890+00:00 app[web.1]: at endReadableNT (node:internal/streams/readable:1729:12)
2026-07-30T09:22:53.286890+00:00 app[web.1]: at process.processTicksAndRejections (node:internal/process/task_queues:90:21)
2026-07-30T09:22:53.292006+00:00 app[web.1]: [36m[2026-07-30T09:22:53.291] [DEBUG] blockops - [39m[public] suppressing bot message from "TheBlockOp": r4kz: !status DarknessCrew
2026-07-30T09:22:53.292191+00:00 app[web.1]: [32m[2026-07-30T09:22:53.292] [INFO] blockops - [39m[minecraftChat] instance=blockops bridge=blockops msg="Guild > TheBlockOp [OG]: r4kz: !status DarknessCrew" createdAt="1785403373292"
2026-07-30T09:22:53.449594+00:00 app[web.1]: [32m[2026-07-30T09:22:53.449] [INFO] Application - [39m[EssentialService] Successfully connected to Essential WebSocket!
2026-07-30T09:22:59.735968+00:00 app[web.1]: [32m[2026-07-30T09:22:59.735] [INFO] discord - [39m[chat] instance=discord bridge=blockops msg="work work work wrokk work work" createdAt="1785403379731"
2026-07-30T09:22:59.735986+00:00 app[web.1]: [36m[2026-07-30T09:22:59.735] [DEBUG] discord - [39m[onChat] instanceType=discord bridgeId=blockops instanceName=discord channelType=public msg="work work work wrokk work work"
2026-07-30T09:22:59.736349+00:00 app[web.1]: [36m[2026-07-30T09:22:59.736] [DEBUG] blockops - [39mSending message now: /gc r4kz: work work work wrokk work work
2026-07-30T09:22:59.855386+00:00 app[web.1]: [36m[2026-07-30T09:22:59.855] [DEBUG] blockops - [39m[public] suppressing bot message from "TheBlockOp": r4kz: work work work wrokk work work
2026-07-30T09:22:59.855549+00:00 app[web.1]: [32m[2026-07-30T09:22:59.855] [INFO] blockops - [39m[minecraftChat] instance=blockops bridge=blockops msg="Guild > TheBlockOp [OG]: r4kz: work work work wrokk work work" createdAt="1785403379855"
2026-07-30T09:23:01.180444+00:00 app[web.1]: [32m[2026-07-30T09:23:01.180] [INFO] discord - [39m[chat] instance=discord bridge=blockops msg="please" createdAt="1785403381179"
2026-07-30T09:23:01.180451+00:00 app[web.1]: [36m[2026-07-30T09:23:01.180] [DEBUG] discord - [39m[onChat] instanceType=discord bridgeId=blockops instanceName=discord channelType=public msg="please"
2026-07-30T09:23:01.180803+00:00 app[web.1]: [36m[2026-07-30T09:23:01.180] [DEBUG] blockops - [39mSending message now: /gc r4kz: please
2026-07-30T09:23:01.251159+00:00 app[web.1]: [36m[2026-07-30T09:23:01.251] [DEBUG] blockops - [39m[public] suppressing bot message from "TheBlockOp": r4kz: please
2026-07-30T09:23:01.251340+00:00 app[web.1]: [32m[2026-07-30T09:23:01.251] [INFO] blockops - [39m[minecraftChat] instance=blockops bridge=blockops msg="Guild > TheBlockOp [OG]: r4kz: please" createdAt="1785403381251"
2026-07-30T09:23:02.349506+00:00 app[web.1]: [32m[2026-07-30T09:23:02.349] [INFO] discord - [39m[chat] instance=discord bridge=blockops msg="ong" createdAt="1785403382348"
2026-07-30T09:23:02.349529+00:00 app[web.1]: [36m[2026-07-30T09:23:02.349] [DEBUG] discord - [39m[onChat] instanceType=discord bridgeId=blockops instanceName=discord channelType=public msg="ong"
2026-07-30T09:23:02.349913+00:00 app[web.1]: [36m[2026-07-30T09:23:02.349] [DEBUG] blockops - [39mSending message now: /gc r4kz: ong
2026-07-30T09:23:02.418515+00:00 app[web.1]: [36m[2026-07-30T09:23:02.418] [DEBUG] blockops - [39m[public] suppressing bot message from "TheBlockOp": r4kz: ong
2026-07-30T09:23:02.418752+00:00 app[web.1]: [32m[2026-07-30T09:23:02.418] [INFO] blockops - [39m[minecraftChat] instance=blockops bridge=blockops msg="Guild > TheBlockOp [OG]: r4kz: ong" createdAt="1785403382418"
2026-07-30T09:23:03.598495+00:00 app[web.1]: [36m[2026-07-30T09:23:03.598] [DEBUG] internal/commands - [39m[cmd] response for "status": DarknessCrew was last online 57y144d ago. [Lunar: Online 🌙] [Essential: Offline]
2026-07-30T09:23:03.598754+00:00 app[web.1]: [36m[2026-07-30T09:23:03.598] [DEBUG] discord - [39m[cmd-response] command="status" originEventId="discord:discord:7" replyIds=1 bridgeId="blockops"
2026-07-30T09:23:03.598839+00:00 app[web.1]: [36m[2026-07-30T09:23:03.598] [DEBUG] discord - [39m[cmd-image] bridgeId="blockops" botName="TheBlockOp" override="TungTungTungTtux" effectiveBotName="TungTungTungTtux" botRank="§7TheBlockOp §3[OG]§f" namePart="§7TungTungTungTtux §3[OG]§f§f"
2026-07-30T09:23:03.598919+00:00 app[web.1]: [36m[2026-07-30T09:23:03.598] [DEBUG] discord - [39m[cmd-image] formattedMessage="§2Guild §2> {skin} §7TungTungTungTtux §3[OG]§f§f: §fDarknessCrew was last online 57y144d ago. [Lunar: Online 🌙] [Essential: Offline]" skinUsername="TheBlockOp" channelType="public"
2026-07-30T09:23:03.604429+00:00 app[web.1]: [36m[2026-07-30T09:23:03.604] [DEBUG] blockops - [39mSending message now: /gc DarknessCrew was last online 57y144d ago. [Lunar: Online :crescent_moon:] [Essential: Offline]
2026-07-30T09:23:03.675927+00:00 app[web.1]: [36m[2026-07-30T09:23:03.675] [DEBUG] blockops - [39m[public] suppressing bot message from "TheBlockOp": DarknessCrew was last online 57y144d ago. [Lunar: Online :crescent_moon:] [Essential: Offline]
2026-07-30T09:23:03.676104+00:00 app[web.1]: [32m[2026-07-30T09:23:03.676] [INFO] blockops - [39m[minecraftChat] instance=blockops bridge=blockops msg="Guild > TheBlockOp [OG]: DarknessCrew was last online 57y144d ago. [Lunar: Online :crescent_moon:] [Essential: Offline]" createdAt="1785403383675"
2026-07-30T09:23:08.200415+00:00 heroku[router]: at=info method=GET path="/metrics" host=safe-citadel-79898-0cfea9458f9b.herokuapp.com request_id=e407e1b3-5457-94e7-bed8-3866199fbdfe fwd="13.41.125.195" dyno=web.1 connect=0ms service=4ms status=200 bytes=15115 protocol=http1.1 tls=false
2026-07-30T09:23:15.932040+00:00 app[web.1]: [32m[2026-07-30T09:23:15.931] [INFO] discord - [39m[chat] instance=discord bridge=blockops msg="yay your online on lunar client!" createdAt="1785403395926"
2026-07-30T09:23:15.932064+00:00 app[web.1]: [36m[2026-07-30T09:23:15.932] [DEBUG] discord - [39m[onChat] instanceType=discord bridgeId=blockops instanceName=discord channelType=public msg="yay your online on lunar client!"
2026-07-30T09:23:15.932495+00:00 app[web.1]: [36m[2026-07-30T09:23:15.932] [DEBUG] blockops - [39mSending message now: /gc r4kz: yay your online on lunar client!
2026-07-30T09:23:16.001002+00:00 app[web.1]: [36m[2026-07-30T09:23:16.000] [DEBUG] blockops - [39m[public] suppressing bot message from "TheBlockOp": r4kz: yay your online on lunar client!
2026-07-30T09:23:16.001183+00:00 app[web.1]: [32m[2026-07-30T09:23:16.001] [INFO] blockops - [39m[minecraftChat] instance=blockops bridge=blockops msg="Guild > TheBlockOp [OG]: r4kz: yay your online on lunar client!" createdAt="1785403396001"
2026-07-30T09:23:18.522953+00:00 heroku[router]: at=info method=GET path="/metrics" host=safe-citadel-79898-0cfea9458f9b.herokuapp.com request_id=37b0dd33-5a81-1f3b-d502-29df23a656d9 fwd="135.181.209.89" dyno=web.1 connect=0ms service=3ms status=200 bytes=15106 protocol=http1.1 tls=false
2026-07-30T09:23:29.940275+00:00 app[web.1]: [36m[2026-07-30T09:23:29.940] [DEBUG] internal/core - [39m[guildManager] list(blockops) cache miss, sending /guild list...
2026-07-30T09:23:29.940545+00:00 app[web.1]: [36m[2026-07-30T09:23:29.940] [DEBUG] internal/core - [39m[guildManager] list(johnguab) cache miss, sending /guild list...
2026-07-30T09:23:29.940639+00:00 app[web.1]: [36m[2026-07-30T09:23:29.940] [DEBUG] internal/core - [39m[guildManager] list(Percy_cookie) cache miss, sending /guild list...
2026-07-30T09:23:29.940790+00:00 app[web.1]: [36m[2026-07-30T09:23:29.940] [DEBUG] blockops - [39mSending message now: /guild list
2026-07-30T09:23:29.941038+00:00 app[web.1]: [36m[2026-07-30T09:23:29.940] [DEBUG] johnguab - [39mSending message now: /guild list
2026-07-30T09:23:29.941190+00:00 app[web.1]: [36m[2026-07-30T09:23:29.941] [DEBUG] Percy_cookie - [39mSending message now: /guild list
2026-07-30T09:23:30.075924+00:00 app[web.1]: [32m[2026-07-30T09:23:30.075] [INFO] blockops - [39m[minecraftChat] instance=blockops bridge=blockops createdAt="1785403410075"
2026-07-30T09:23:30.076068+00:00 app[web.1]: [32m[2026-07-30T09:23:30.076] [INFO] blockops - [39m[minecraftChat] instance=blockops bridge=blockops msg="[MVP++] Valerwy ●" createdAt="1785403410075"
2026-07-30T09:23:30.076090+00:00 app[web.1]: [32m[2026-07-30T09:23:30.076] [INFO] blockops - [39m[minecraftChat] instance=blockops bridge=blockops createdAt="1785403410075"
2026-07-30T09:23:30.076125+00:00 app[web.1]: [32m[2026-07-30T09:23:30.076] [INFO] blockops - [39m[minecraftChat] instance=blockops bridge=blockops msg="[MVP++] ElixOG ● TheBlockOp ●" createdAt="1785403410075"
2026-07-30T09:23:30.076144+00:00 app[web.1]: [32m[2026-07-30T09:23:30.076] [INFO] blockops - [39m[minecraftChat] instance=blockops bridge=blockops createdAt="1785403410075"
2026-07-30T09:23:30.077035+00:00 app[web.1]: [32m[2026-07-30T09:23:30.076] [INFO] Percy_cookie - [39m[minecraftChat] instance=Percy_cookie bridge=persy createdAt="1785403410076"
2026-07-30T09:23:30.077065+00:00 app[web.1]: [32m[2026-07-30T09:23:30.077] [INFO] Percy_cookie - [39m[minecraftChat] instance=Percy_cookie bridge=persy msg="[MVP+] YS7G ●" createdAt="1785403410076"
2026-07-30T09:23:30.077092+00:00 app[web.1]: [32m[2026-07-30T09:23:30.077] [INFO] Percy_cookie - [39m[minecraftChat] instance=Percy_cookie bridge=persy createdAt="1785403410076"
2026-07-30T09:23:30.078443+00:00 app[web.1]: [32m[2026-07-30T09:23:30.078] [INFO] blockops - [39m[minecraftChat] instance=blockops bridge=blockops msg="[MVP+] Danheimer ● [MVP+] Starwathan ● [MVP+] JWDA ● [MVP+] NinjaSteeler ● [MVP++] UnhorsedBrush04 ● [MVP++] _Catking ●…" createdAt="1785403410078"
2026-07-30T09:23:30.078472+00:00 app[web.1]: [32m[2026-07-30T09:23:30.078] [INFO] blockops - [39m[minecraftChat] instance=blockops bridge=blockops createdAt="1785403410078"
2026-07-30T09:23:30.078932+00:00 app[web.1]: [32m[2026-07-30T09:23:30.078] [INFO] Percy_cookie - [39m[minecraftChat] instance=Percy_cookie bridge=persy msg="[MVP+] GGYOUDIE ● [MVP+] 1nonly_boah ●" createdAt="1785403410078"
2026-07-30T09:23:30.078955+00:00 app[web.1]: [32m[2026-07-30T09:23:30.078] [INFO] Percy_cookie - [39m[minecraftChat] instance=Percy_cookie bridge=persy createdAt="1785403410078"
2026-07-30T09:23:30.079520+00:00 app[web.1]: [32m[2026-07-30T09:23:30.079] [INFO] blockops - [39m[minecraftChat] instance=blockops bridge=blockops msg="[VIP] DrxgonFish ● [MVP++] AsianMommyLover ● [MVP+] ETGX ● [VIP] abyssal_koko ● [MVP+] cubanos ● [MVP+] EnderAsleep ● […" createdAt="1785403410079"
2026-07-30T09:23:30.079524+00:00 app[web.1]: [32m[2026-07-30T09:23:30.079] [INFO] blockops - [39m[minecraftChat] instance=blockops bridge=blockops createdAt="1785403410079"
2026-07-30T09:23:30.079958+00:00 app[web.1]: [32m[2026-07-30T09:23:30.079] [INFO] Percy_cookie - [39m[minecraftChat] instance=Percy_cookie bridge=persy msg="[VIP] Percy_Cookie ● [MVP+] Mr_Big_Smiley ● [MVP++] da8dy ● [MVP+] Civyr ● [MVP+] 1Joe_ ● [MVP+] Blyza ● [MVP+] Lundqvi…" createdAt="1785403410079"
2026-07-30T09:23:30.079978+00:00 app[web.1]: [32m[2026-07-30T09:23:30.079] [INFO] Percy_cookie - [39m[minecraftChat] instance=Percy_cookie bridge=persy createdAt="1785403410079"
2026-07-30T09:23:30.080405+00:00 app[web.1]: [32m[2026-07-30T09:23:30.080] [INFO] blockops - [39m[minecraftChat] instance=blockops bridge=blockops msg="[VIP] Gablplautze ● [MVP++] Bas4 ● [VIP] OhB1ock ● [MVP++] Mysteriosm ● [MVP++] BrazilianPrince ● [VIP] qw45214 ● ninja…" createdAt="1785403410080"
2026-07-30T09:23:30.080425+00:00 app[web.1]: [32m[2026-07-30T09:23:30.080] [INFO] blockops - [39m[minecraftChat] instance=blockops bridge=blockops createdAt="1785403410080"
2026-07-30T09:23:30.081494+00:00 app[web.1]: [32m[2026-07-30T09:23:30.081] [INFO] Percy_cookie - [39m[minecraftChat] instance=Percy_cookie bridge=persy msg="[MVP+] ILYLOVE ● [MVP+] DreamBlackTea ● [MVP+] Meohre ● [MVP+] FriediY ● [VIP+] SystemicOne ● [MVP+] Lyrixcalx ● [MVP+]…" createdAt="1785403410081"
2026-07-30T09:23:30.097392+00:00 app[web.1]: [32m[2026-07-30T09:23:30.097] [INFO] Percy_cookie - [39m[minecraftChat] instance=Percy_cookie bridge=persy createdAt="1785403410097"
2026-07-30T09:23:30.098122+00:00 app[web.1]: [32m[2026-07-30T09:23:30.098] [INFO] Percy_cookie - [39m[minecraftChat] instance=Percy_cookie bridge=persy msg="[MVP+] VoidFrags_ ● [MVP+] Spraid ● [MVP++] cuteing ● [MVP+] Tempo27 ● [MVP+] wpis ● [MVP++] 2ellipses ● [MVP] Kesiesie…" createdAt="1785403410098"
2026-07-30T09:23:30.098136+00:00 app[web.1]: [32m[2026-07-30T09:23:30.098] [INFO] Percy_cookie - [39m[minecraftChat] instance=Percy_cookie bridge=persy createdAt="1785403410098"
2026-07-30T09:23:30.099914+00:00 app[web.1]: [32m[2026-07-30T09:23:30.099] [INFO] blockops - [39m[minecraftChat] instance=blockops bridge=blockops msg="[MVP+] _JustFoxy ● [MVP+] wFirex ● [VIP] Coollector ● [VIP+] transpancy ● [MVP+] NotNytox ● [VIP] olxvia ● [MVP++] Aqua…" createdAt="1785403410099"
2026-07-30T09:23:30.099929+00:00 app[web.1]: [32m[2026-07-30T09:23:30.099] [INFO] blockops - [39m[minecraftChat] instance=blockops bridge=blockops createdAt="1785403410099"
2026-07-30T09:23:30.101461+00:00 app[web.1]: [32m[2026-07-30T09:23:30.101] [INFO] Percy_cookie - [39m[minecraftChat] instance=Percy_cookie bridge=persy msg="[MVP+] stacoja ● [MVP+] SirWuro ● [MVP+] _Jewier_ ● [MVP+] Retikasd ● [MVP+] AchJonas ● [MVP+] babelaid ● [MVP+] 0hSile…" createdAt="1785403410101"
2026-07-30T09:23:30.101476+00:00 app[web.1]: [32m[2026-07-30T09:23:30.101] [INFO] Percy_cookie - [39m[minecraftChat] instance=Percy_cookie bridge=persy createdAt="1785403410101"
2026-07-30T09:23:30.411603+00:00 app[web.1]: [32m[2026-07-30T09:23:30.411] [INFO] johnguab - [39m[minecraftChat] instance=johnguab bridge=guab createdAt="1785403410411"
2026-07-30T09:23:30.412353+00:00 app[web.1]: [32m[2026-07-30T09:23:30.412] [INFO] johnguab - [39m[minecraftChat] instance=johnguab bridge=guab msg="[MVP++] SpleenyPoo ●" createdAt="1785403410412"
2026-07-30T09:23:30.412385+00:00 app[web.1]: [32m[2026-07-30T09:23:30.412] [INFO] johnguab - [39m[minecraftChat] instance=johnguab bridge=guab createdAt="1785403410412"
2026-07-30T09:23:30.412928+00:00 app[web.1]: [32m[2026-07-30T09:23:30.412] [INFO] johnguab - [39m[minecraftChat] instance=johnguab bridge=guab msg="[MVP+] flqw3d ● [MVP+] JohnGuab ● Guab_Bot ● [MVP++] pgqn ●" createdAt="1785403410412"
2026-07-30T09:23:30.412952+00:00 app[web.1]: [32m[2026-07-30T09:23:30.412] [INFO] johnguab - [39m[minecraftChat] instance=johnguab bridge=guab createdAt="1785403410412"
2026-07-30T09:23:30.414225+00:00 app[web.1]: [32m[2026-07-30T09:23:30.414] [INFO] johnguab - [39m[minecraftChat] instance=johnguab bridge=guab msg="[MVP+] melau ● [MVP+] SlimmeBoyVin ● [MVP+] Veniard ● [MVP+] 8140 ● [MVP+] lplxavi ● [MVP++] diskne ● [VIP] bezakos ● […" createdAt="1785403410414"
2026-07-30T09:23:30.414250+00:00 app[web.1]: [32m[2026-07-30T09:23:30.414] [INFO] johnguab - [39m[minecraftChat] instance=johnguab bridge=guab createdAt="1785403410414"
2026-07-30T09:23:30.414292+00:00 app[web.1]: [32m[2026-07-30T09:23:30.414] [INFO] johnguab - [39m[minecraftChat] instance=johnguab bridge=guab msg="Tp2_ ●" createdAt="1785403410414"
2026-07-30T09:23:30.414314+00:00 app[web.1]: [32m[2026-07-30T09:23:30.414] [INFO] johnguab - [39m[minecraftChat] instance=johnguab bridge=guab createdAt="1785403410414"
2026-07-30T09:23:30.414799+00:00 app[web.1]: [32m[2026-07-30T09:23:30.414] [INFO] johnguab - [39m[minecraftChat] instance=johnguab bridge=guab msg="[MVP++] Mkil2 ● [MVP+] ProxySvetac ● [MVP+] _Vorr_ ● [MVP+] iSpawnblock ●" createdAt="1785403410414"
2026-07-30T09:23:30.414800+00:00 app[web.1]: [32m[2026-07-30T09:23:30.414] [INFO] johnguab - [39m[minecraftChat] instance=johnguab bridge=guab createdAt="1785403410414"
2026-07-30T09:23:30.441720+00:00 app[web.1]: [36m[2026-07-30T09:23:30.441] [DEBUG] internal/core - [39m[guildManager] list(blockops) listNow took 501ms (125 members)
2026-07-30T09:23:30.441754+00:00 app[web.1]: [36m[2026-07-30T09:23:30.441] [DEBUG] internal/core - [39m[guildManager] list(blockops) members parsed: 125
2026-07-30T09:23:30.441834+00:00 app[web.1]: [36m[2026-07-30T09:23:30.441] [DEBUG] internal/core - [39m[guildManager] list(blockops) cache hit after queue (age 501ms)
2026-07-30T09:23:30.441857+00:00 app[web.1]: [36m[2026-07-30T09:23:30.441] [DEBUG] internal/core - [39m[guildManager] list(blockops) total with queue 502ms
2026-07-30T09:23:30.441929+00:00 app[web.1]: [36m[2026-07-30T09:23:30.441] [DEBUG] internal/core - [39m[guildManager] list(blockops) total with queue 502ms
2026-07-30T09:23:30.487742+00:00 app[web.1]: [36m[2026-07-30T09:23:30.487] [DEBUG] internal/core - [39m[guildManager] list(Percy_cookie) listNow took 547ms (119 members)
2026-07-30T09:23:30.487749+00:00 app[web.1]: [36m[2026-07-30T09:23:30.487] [DEBUG] internal/core - [39m[guildManager] list(Percy_cookie) members parsed: 119
2026-07-30T09:23:30.487787+00:00 app[web.1]: [36m[2026-07-30T09:23:30.487] [DEBUG] internal/core - [39m[guildManager] list(Percy_cookie) cache hit after queue (age 547ms)
2026-07-30T09:23:30.487813+00:00 app[web.1]: [36m[2026-07-30T09:23:30.487] [DEBUG] internal/core - [39m[guildManager] list(Percy_cookie) total with queue 548ms
2026-07-30T09:23:30.487880+00:00 app[web.1]: [36m[2026-07-30T09:23:30.487] [DEBUG] internal/core - [39m[guildManager] list(Percy_cookie) total with queue 548ms
2026-07-30T09:23:30.520788+00:00 app[web.1]: [32m[2026-07-30T09:23:30.520] [INFO] johnguab - [39m[minecraftChat] instance=johnguab bridge=guab msg="Guabbing ● [MVP+] tinging ● [VIP] Select1ve ● [MVP+] Fox248G ● [VIP] Djenih ● [VIP] Defilade ● [MVP++] Valescca ● [MVP+…" createdAt="1785403410520"
2026-07-30T09:23:30.520823+00:00 app[web.1]: [32m[2026-07-30T09:23:30.520] [INFO] johnguab - [39m[minecraftChat] instance=johnguab bridge=guab createdAt="1785403410520"
2026-07-30T09:23:30.520969+00:00 app[web.1]: [36m[2026-07-30T09:23:30.520] [DEBUG] internal/core - [39m[guildManager] list(johnguab) listNow took 580ms (39 members)
2026-07-30T09:23:30.520987+00:00 app[web.1]: [36m[2026-07-30T09:23:30.520] [DEBUG] internal/core - [39m[guildManager] list(johnguab) members parsed: 39
2026-07-30T09:23:30.521009+00:00 app[web.1]: [36m[2026-07-30T09:23:30.520] [DEBUG] internal/core - [39m[guildManager] list(johnguab) cache hit after queue (age 580ms)
2026-07-30T09:23:30.521028+00:00 app[web.1]: [36m[2026-07-30T09:23:30.521] [DEBUG] internal/core - [39m[guildManager] list(johnguab) total with queue 581ms
2026-07-30T09:23:30.521067+00:00 app[web.1]: [36m[2026-07-30T09:23:30.521] [DEBUG] internal/core - [39m[guildManager] list(johnguab) total with queue 581ms
2026-07-30T09:23:38.198306+00:00 heroku[router]: at=info method=GET path="/metrics" host=safe-citadel-79898-0cfea9458f9b.herokuapp.com request_id=b2cc9157-aa35-6bbf-7641-5b3a90b54149 fwd="13.41.125.195" dyno=web.1 connect=0ms service=3ms status=200 bytes=15119 protocol=http1.1 tls=false
